Collecting poetry==2.4.1
  Downloading poetry-2.4.1-py3-none-any.whl.metadata (7.5 kB)
Collecting build<2.0.0,>=1.2.1 (from poetry==2.4.1)
  Downloading build-1.5.0-py3-none-any.whl.metadata (5.7 kB)
Collecting cachecontrol<0.15.0,>=0.14.0 (from cachecontrol[filecache]<0.15.0,>=0.14.0->poetry==2.4.1)
  Downloading cachecontrol-0.14.4-py3-none-any.whl.metadata (3.1 kB)
Collecting cleo<3.0.0,>=2.1.0 (from poetry==2.4.1)
  Downloading cleo-2.1.0-py3-none-any.whl.metadata (12 kB)
Collecting dulwich<2,>=0.25.0 (from poetry==2.4.1)
  Downloading dulwich-1.2.6-cp312-cp312-manylinux_2_28_x86_64.whl.metadata (6.0 kB)
Collecting fastjsonschema<3.0.0,>=2.18.0 (from poetry==2.4.1)
  Downloading fastjsonschema-2.21.2-py3-none-any.whl.metadata (2.3 kB)
Collecting findpython<0.9.0,>=0.6.2 (from poetry==2.4.1)
  Downloading findpython-0.8.0-py3-none-any.whl.metadata (5.4 kB)
Collecting installer<2.0.0,>=0.7.0 (from poetry==2.4.1)
  Downloading installer-1.0.1-py3-none-any.whl.metadata (1.2 kB)
Collecting keyring<26.0.0,>=25.1.0 (from poetry==2.4.1)
  Downloading keyring-25.7.0-py3-none-any.whl.metadata (21 kB)
Collecting packaging>=24.2 (from poetry==2.4.1)
  Using cached packaging-26.2-py3-none-any.whl.metadata (3.5 kB)
Collecting pbs-installer>=2025.6.10 (from pbs-installer[download,install]>=2025.6.10->poetry==2.4.1)
  Downloading pbs_installer-2026.6.10-py3-none-any.whl.metadata (1.0 kB)
Collecting pkginfo<2.0,>=1.12 (from poetry==2.4.1)
  Downloading pkginfo-1.12.1.2-py3-none-any.whl.metadata (13 kB)
Collecting platformdirs<5,>=3.0.0 (from poetry==2.4.1)
  Using cached platformdirs-4.10.0-py3-none-any.whl.metadata (5.5 kB)
Collecting poetry-core==2.4.0 (from poetry==2.4.1)
  Downloading poetry_core-2.4.0-py3-none-any.whl.metadata (3.8 kB)
Collecting pyproject-hooks<2.0.0,>=1.0.0 (from poetry==2.4.1)
  Downloading pyproject_hooks-1.2.0-py3-none-any.whl.metadata (1.3 kB)
Collecting requests<3.0,>=2.26 (from poetry==2.4.1)
  Using cached requests-2.34.2-py3-none-any.whl.metadata (4.8 kB)
Collecting requests-toolbelt<2.0.0,>=1.0.0 (from poetry==2.4.1)
  Downloading requests_toolbelt-1.0.0-py2.py3-none-any.whl.metadata (14 kB)
Collecting shellingham<2.0,>=1.5 (from poetry==2.4.1)
  Downloading shellingham-1.5.4-py2.py3-none-any.whl.metadata (3.5 kB)
Collecting tomlkit<1.0.0,>=0.11.4 (from poetry==2.4.1)
  Downloading tomlkit-0.15.0-py3-none-any.whl.metadata (2.8 kB)
Collecting trove-classifiers>=2022.5.19 (from poetry==2.4.1)
  Downloading trove_classifiers-2026.6.1.19-py3-none-any.whl.metadata (2.3 kB)
Collecting virtualenv>=20.26.6 (from poetry==2.4.1)
  Downloading virtualenv-21.5.1-py3-none-any.whl.metadata (3.4 kB)
Collecting msgpack<2.0.0,>=0.5.2 (from cachecontrol<0.15.0,>=0.14.0->cachecontrol[filecache]<0.15.0,>=0.14.0->poetry==2.4.1)
  Downloading msgpack-1.2.1-cp312-cp312-manylinux2014_x86_64.manylinux_2_17_x86_64.manylinux_2_28_x86_64.whl.metadata (8.3 kB)
Collecting filelock>=3.8.0 (from cachecontrol[filecache]<0.15.0,>=0.14.0->poetry==2.4.1)
  Downloading filelock-3.29.4-py3-none-any.whl.metadata (2.0 kB)
Collecting crashtest<0.5.0,>=0.4.1 (from cleo<3.0.0,>=2.1.0->poetry==2.4.1)
  Downloading crashtest-0.4.1-py3-none-any.whl.metadata (1.1 kB)
Collecting rapidfuzz<4.0.0,>=3.0.0 (from cleo<3.0.0,>=2.1.0->poetry==2.4.1)
  Downloading rapidfuzz-3.14.5-cp312-cp312-manylinux_2_27_x86_64.manylinux_2_28_x86_64.whl.metadata (12 kB)
Collecting urllib3>=2.2.2 (from dulwich<2,>=0.25.0->poetry==2.4.1)
  Using cached urllib3-2.7.0-py3-none-any.whl.metadata (6.9 kB)
Collecting SecretStorage>=3.2 (from keyring<26.0.0,>=25.1.0->poetry==2.4.1)
  Downloading secretstorage-3.5.0-py3-none-any.whl.metadata (4.0 kB)
Collecting jeepney>=0.4.2 (from keyring<26.0.0,>=25.1.0->poetry==2.4.1)
  Downloading jeepney-0.9.0-py3-none-any.whl.metadata (1.2 kB)
Collecting jaraco.classes (from keyring<26.0.0,>=25.1.0->poetry==2.4.1)
  Downloading jaraco.classes-3.4.0-py3-none-any.whl.metadata (2.6 kB)
Collecting jaraco.functools (from keyring<26.0.0,>=25.1.0->poetry==2.4.1)
  Downloading jaraco_functools-4.5.0-py3-none-any.whl.metadata (2.9 kB)
Collecting jaraco.context (from keyring<26.0.0,>=25.1.0->poetry==2.4.1)
  Downloading jaraco_context-6.1.2-py3-none-any.whl.metadata (4.2 kB)
Collecting charset_normalizer<4,>=2 (from requests<3.0,>=2.26->poetry==2.4.1)
  Using cached charset_normalizer-3.4.7-cp312-cp312-manylinux2014_x86_64.manylinux_2_17_x86_64.manylinux_2_28_x86_64.whl.metadata (40 kB)
Collecting idna<4,>=2.5 (from requests<3.0,>=2.26->poetry==2.4.1)
  Using cached idna-3.18-py3-none-any.whl.metadata (6.1 kB)
Collecting certifi>=2023.5.7 (from requests<3.0,>=2.26->poetry==2.4.1)
  Using cached certifi-2026.6.17-py3-none-any.whl.metadata (2.5 kB)
Collecting httpx<1,>=0.27.0 (from pbs-installer[download,install]>=2025.6.10->poetry==2.4.1)
  Downloading httpx-0.28.1-py3-none-any.whl.metadata (7.1 kB)
Collecting backports.zstd>=1.0.0 (from pbs-installer[download,install]>=2025.6.10->poetry==2.4.1)
  Downloading backports_zstd-1.6.0-cp312-cp312-manylinux2014_x86_64.manylinux_2_17_x86_64.manylinux_2_28_x86_64.whl.metadata (6.8 kB)
Collecting anyio (from httpx<1,>=0.27.0->pbs-installer[download,install]>=2025.6.10->poetry==2.4.1)
  Downloading anyio-4.14.1-py3-none-any.whl.metadata (4.6 kB)
Collecting httpcore==1.* (from httpx<1,>=0.27.0->pbs-installer[download,install]>=2025.6.10->poetry==2.4.1)
  Downloading httpcore-1.0.9-py3-none-any.whl.metadata (21 kB)
Collecting h11>=0.16 (from httpcore==1.*->httpx<1,>=0.27.0->pbs-installer[download,install]>=2025.6.10->poetry==2.4.1)
  Downloading h11-0.16.0-py3-none-any.whl.metadata (8.3 kB)
Collecting cryptography>=2.0 (from SecretStorage>=3.2->keyring<26.0.0,>=25.1.0->poetry==2.4.1)
  Downloading cryptography-49.0.0-cp311-abi3-manylinux_2_34_x86_64.whl.metadata (4.3 kB)
Collecting cffi>=2.0.0 (from cryptography>=2.0->SecretStorage>=3.2->keyring<26.0.0,>=25.1.0->poetry==2.4.1)
  Downloading cffi-2.0.0-cp312-cp312-manylinux2014_x86_64.manylinux_2_17_x86_64.whl.metadata (2.6 kB)
Collecting pycparser (from cffi>=2.0.0->cryptography>=2.0->SecretStorage>=3.2->keyring<26.0.0,>=25.1.0->poetry==2.4.1)
  Downloading pycparser-3.0-py3-none-any.whl.metadata (8.2 kB)
Collecting distlib<1,>=0.3.7 (from virtualenv>=20.26.6->poetry==2.4.1)
  Downloading distlib-0.4.3-py2.py3-none-any.whl.metadata (5.3 kB)
Collecting python-discovery>=1.4.2 (from virtualenv>=20.26.6->poetry==2.4.1)
  Downloading python_discovery-1.4.2-py3-none-any.whl.metadata (5.6 kB)
Collecting typing_extensions>=4.5 (from anyio->httpx<1,>=0.27.0->pbs-installer[download,install]>=2025.6.10->poetry==2.4.1)
  Downloading typing_extensions-4.15.0-py3-none-any.whl.metadata (3.3 kB)
Collecting more-itertools (from jaraco.classes->keyring<26.0.0,>=25.1.0->poetry==2.4.1)
  Downloading more_itertools-11.1.0-py3-none-any.whl.metadata (41 kB)
Downloading poetry-2.4.1-py3-none-any.whl (292 kB)
Downloading poetry_core-2.4.0-py3-none-any.whl (374 kB)
ERROR: Exception:
Traceback (most recent call last):
  File "/home/jleles/.local/share/pypoetry/venv/lib/python3.12/site-packages/pip/_vendor/urllib3/response.py", line 897, in _error_catcher
    yield
  File "/home/jleles/.local/share/pypoetry/venv/lib/python3.12/site-packages/pip/_vendor/urllib3/response.py", line 1043, in _raw_read
    raise IncompleteRead(self._fp_bytes_read, self.length_remaining)
pip._vendor.urllib3.exceptions.IncompleteRead: IncompleteRead(146941 bytes read, 227903 more expected)

The above exception was the direct cause of the following exception:

Traceback (most recent call last):
  File "/home/jleles/.local/share/pypoetry/venv/lib/python3.12/site-packages/pip/_internal/cli/base_command.py", line 109, in _run_wrapper
    status = _inner_run()
             ^^^^^^^^^^^^
  File "/home/jleles/.local/share/pypoetry/venv/lib/python3.12/site-packages/pip/_internal/cli/base_command.py", line 102, in _inner_run
    return self.run(options, args)
           ^^^^^^^^^^^^^^^^^^^^^^^
  File "/home/jleles/.local/share/pypoetry/venv/lib/python3.12/site-packages/pip/_internal/cli/req_command.py", line 101, in wrapper
    return func(self, options, args)
           ^^^^^^^^^^^^^^^^^^^^^^^^^
  File "/home/jleles/.local/share/pypoetry/venv/lib/python3.12/site-packages/pip/_internal/commands/install.py", line 506, in run
    preparer.prepare_linked_requirements_more(
  File "/home/jleles/.local/share/pypoetry/venv/lib/python3.12/site-packages/pip/_internal/operations/prepare.py", line 569, in prepare_linked_requirements_more
    self._complete_partial_requirements(
  File "/home/jleles/.local/share/pypoetry/venv/lib/python3.12/site-packages/pip/_internal/operations/prepare.py", line 478, in _complete_partial_requirements
    for link, (filepath, _) in batch_download:
  File "/home/jleles/.local/share/pypoetry/venv/lib/python3.12/site-packages/pip/_internal/network/download.py", line 182, in batch
    filepath, content_type = self(link, location)
                             ^^^^^^^^^^^^^^^^^^^^
  File "/home/jleles/.local/share/pypoetry/venv/lib/python3.12/site-packages/pip/_internal/network/download.py", line 193, in __call__
    self._process_response(download, resp)
  File "/home/jleles/.local/share/pypoetry/venv/lib/python3.12/site-packages/pip/_internal/network/download.py", line 210, in _process_response
    for chunk in chunks:
  File "/home/jleles/.local/share/pypoetry/venv/lib/python3.12/site-packages/pip/_internal/network/utils.py", line 65, in response_chunks
    for chunk in response.raw.stream(
  File "/home/jleles/.local/share/pypoetry/venv/lib/python3.12/site-packages/pip/_vendor/urllib3/response.py", line 1251, in stream
    data = self.read(amt=amt, decode_content=decode_content)
           ^^^^^^^^^^^^^^^^^^^^^^^^^^^^^^^^^^^^^^^^^^^^^^^^^
  File "/home/jleles/.local/share/pypoetry/venv/lib/python3.12/site-packages/pip/_vendor/urllib3/response.py", line 1106, in read
    data = self._raw_read(amt)
           ^^^^^^^^^^^^^^^^^^^
  File "/home/jleles/.local/share/pypoetry/venv/lib/python3.12/site-packages/pip/_vendor/urllib3/response.py", line 1021, in _raw_read
    with self._error_catcher():
  File "/usr/lib/python3.12/contextlib.py", line 158, in __exit__
    self.gen.throw(value)
  File "/home/jleles/.local/share/pypoetry/venv/lib/python3.12/site-packages/pip/_vendor/urllib3/response.py", line 921, in _error_catcher
    raise ProtocolError(arg, e) from e
pip._vendor.urllib3.exceptions.ProtocolError: ('Connection broken: IncompleteRead(146941 bytes read, 227903 more expected)', IncompleteRead(146941 bytes read, 227903 more expected))

Traceback:

  File "<stdin>", line 936, in main
  File "<stdin>", line 573, in run
  File "<stdin>", line 595, in install
  File "<stdin>", line 698, in install_poetry
  File "<stdin>", line 388, in pip
  File "<stdin>", line 385, in python
  File "<stdin>", line 378, in run
